[2025-12-20 00:43:22] [INFO] Starting batch generation: 50 entries
[2025-12-20 00:43:22] [INFO] [1/50] U140: Generating... (Domain: medical)
[2025-12-20 00:43:22] [INFO]   Description: Design a system based on a Air ioniser and describe its primary function at a hi...
[2025-12-20 00:44:13] [WARNING] Interrupted by user
[2025-12-20 00:44:30] [INFO] Starting batch generation: 50 entries
[2025-12-20 00:44:30] [INFO] [1/50] U140: Generating... (Domain: medical)
[2025-12-20 00:44:30] [INFO]   Description: Design a system based on a Air ioniser and describe its primary function at a hi...
[2025-12-20 00:55:04] [INFO]   ⚠ Generated (invalid, 7 errors, 634.3s)
[2025-12-20 00:55:04] [INFO] [2/50] U544: Generating... (Domain: energy)
[2025-12-20 00:55:04] [INFO]   Description: Design a pumping subsystem that moves fluid using a Pulser pump....
[2025-12-20 01:04:23] [INFO]   ✓ Generated (valid, 558.6s)
[2025-12-20 01:04:23] [INFO] [3/50] U298: Generating... (Domain: medical)
[2025-12-20 01:04:23] [INFO]   Description: Create a system based on a Medical gas supply and describe its primary function ...
[2025-12-20 01:14:51] [INFO]   ⚠ Generated (invalid, 32 errors, 627.8s)
[2025-12-20 01:14:51] [INFO] [4/50] U518: Generating... (Domain: energy)
[2025-12-20 01:14:51] [INFO]   Description: Define a pumping subsystem that moves fluid using a Hydraulic pump....
[2025-12-20 01:23:48] [INFO]   ✓ Generated (valid, 537.1s)
[2025-12-20 01:23:48] [INFO] [5/50] U913: Generating... (Domain: sensing)
[2025-12-20 01:23:48] [INFO]   Description: Design a sensing unit that measures the relevant quantity using a Thermopile las...
[2025-12-20 01:32:36] [INFO]   ⚠ Generated (invalid, 16 errors, 528.8s)
[2025-12-20 01:32:36] [INFO] [6/50] U1055: Generating... (Domain: smarthome)
[2025-12-20 01:32:36] [INFO]   Description: Define a system based on a Exploratory engineering and describe its primary func...
[2025-12-20 01:42:15] [INFO]   ⚠ Generated (invalid, 15 errors, 578.4s)
[2025-12-20 01:42:15] [INFO] [7/50] U1428: Generating... (Domain: energy)
[2025-12-20 01:42:15] [INFO]   Description: Model a system based on a Horsepower and describe its primary function at a high...
[2025-12-20 01:52:14] [INFO]   ⚠ Generated (invalid, 19 errors, 599.5s)
[2025-12-20 01:52:14] [INFO] [8/50] U589: Generating... (Domain: sensing)
[2025-12-20 01:52:14] [INFO]   Description: Describe a sensing unit that measures the relevant quantity using a Active pixel...
[2025-12-20 02:03:20] [INFO]   ⚠ Generated (invalid, 6 errors, 665.9s)
[2025-12-20 02:03:20] [INFO] [9/50] U898: Generating... (Domain: sensing)
[2025-12-20 02:03:20] [INFO]   Description: Define a system based on a Stud finder and describe its primary function at a hi...
[2025-12-20 02:14:50] [INFO]   ⚠ Generated (invalid, 13 errors, 689.7s)
[2025-12-20 02:14:50] [INFO] [10/50] U1214: Generating... (Domain: smarthome)
[2025-12-20 02:14:50] [INFO]   Description: Describe a system based on a Smart meter and describe its primary function at a ...
[2025-12-20 02:25:31] [INFO]   ✓ Generated (valid, 640.9s)
[2025-12-20 02:25:31] [INFO] Progress: 10/50 (10 generated, 3 valid, 0 errors)
[2025-12-20 02:25:31] [INFO] [11/50] U927: Generating... (Domain: sensing)
[2025-12-20 02:25:31] [INFO]   Description: Define a sensing unit that measures the relevant quantity using a Triangulation ...
[2025-12-20 02:35:37] [INFO]   ⚠ Generated (invalid, 9 errors, 606.2s)
[2025-12-20 02:35:37] [INFO] [12/50] U669: Generating... (Domain: sensing)
[2025-12-20 02:35:37] [INFO]   Description: Design a system based on a Engine knocking and describe its primary function at ...
[2025-12-20 02:45:17] [INFO]   ⚠ Generated (invalid, 7 errors, 579.8s)
[2025-12-20 02:45:17] [INFO] [13/50] U519: Generating... (Domain: energy)
[2025-12-20 02:45:17] [INFO]   Description: Define a system based on a Hydraulic ram and describe its primary function at a ...
[2025-12-20 02:57:29] [INFO]   ✓ Generated (valid, 732.0s)
[2025-12-20 02:57:29] [INFO] [14/50] U489: Generating... (Domain: energy)
[2025-12-20 02:57:29] [INFO]   Description: Create a pumping subsystem that moves fluid using a Drum pump....
[2025-12-20 03:09:45] [INFO]   ⚠ Generated (invalid, 6 errors, 736.1s)
[2025-12-20 03:09:45] [INFO] [15/50] U933: Generating... (Domain: sensing)
[2025-12-20 03:09:45] [INFO]   Description: Describe a system based on a Unattended Ground Sensors and describe its primary ...
[2025-12-20 03:24:04] [INFO]   ⚠ Generated (invalid, 20 errors, 859.1s)
[2025-12-20 03:24:04] [INFO] [16/50] U350: Generating... (Domain: medical)
[2025-12-20 03:24:04] [INFO]   Description: Model a system based on a Pedorthist and describe its primary function at a high...
[2025-12-20 03:34:54] [INFO]   ⚠ Generated (invalid, 4 errors, 650.0s)
[2025-12-20 03:34:54] [INFO] [17/50] U1209: Generating... (Domain: smarthome)
[2025-12-20 03:34:54] [INFO]   Description: Define a system based on a Smart device and describe its primary function at a h...
[2025-12-20 03:47:45] [INFO]   ⚠ Generated (invalid, 6 errors, 771.5s)
[2025-12-20 03:47:45] [INFO] [18/50] U438: Generating... (Domain: medical)
[2025-12-20 03:47:45] [INFO]   Description: Describe a system based on a Vacuum extraction and describe its primary function...
[2025-12-20 04:01:20] [INFO]   ⚠ Generated (invalid, 9 errors, 815.0s)
[2025-12-20 04:01:20] [INFO] [19/50] U1036: Generating... (Domain: smarthome)
[2025-12-20 04:01:20] [INFO]   Description: Describe a system based on a Doi and describe its primary function at a high lev...
[2025-12-20 04:07:06] [ERROR]   ✗ Empty output generated
[2025-12-20 04:07:06] [INFO] [20/50] U794: Generating... (Domain: sensing)
[2025-12-20 04:07:06] [INFO]   Description: Create a system based on a Optical fiber and describe its primary function at a ...
[2025-12-20 04:14:57] [ERROR]   ✗ Empty output generated
[2025-12-20 04:14:57] [INFO] [21/50] U1454: Generating... (Domain: energy)
[2025-12-20 04:14:57] [INFO]   Description: Specify a pumping subsystem that moves fluid using a Mud pump....
[2025-12-20 04:20:11] [ERROR]   ✗ Empty output generated
[2025-12-20 04:20:11] [INFO] [22/50] U862: Generating... (Domain: sensing)
[2025-12-20 04:20:11] [INFO]   Description: Create a system based on a SSMIS and describe its primary function at a high lev...
[2025-12-20 04:23:27] [ERROR]   ✗ Empty output generated
[2025-12-20 04:23:27] [INFO] [23/50] U1447: Generating... (Domain: energy)
[2025-12-20 04:23:27] [INFO]   Description: Specify a system based on a Marine chronometer and describe its primary function...
[2025-12-20 04:26:01] [ERROR]   ✗ Empty output generated
[2025-12-20 04:26:01] [INFO] [24/50] U896: Generating... (Domain: sensing)
[2025-12-20 04:26:01] [INFO]   Description: Design a sensing unit that measures the relevant quantity using a Stretch sensor...
[2025-12-20 04:28:27] [ERROR]   ✗ Empty output generated
[2025-12-20 04:28:27] [INFO] [25/50] U1450: Generating... (Domain: energy)
[2025-12-20 04:28:27] [INFO]   Description: Specify a system based on a Mechanical energy and describe its primary function ...
[2025-12-20 04:32:12] [ERROR]   ✗ Empty output generated
[2025-12-20 04:32:12] [INFO] [26/50] U336: Generating... (Domain: medical)
[2025-12-20 04:32:12] [INFO]   Description: Design a system based on a Optical coherence tomography and describe its primary...
[2025-12-20 04:34:55] [ERROR]   ✗ Empty output generated
[2025-12-20 04:34:55] [INFO] [27/50] U634: Generating... (Domain: sensing)
[2025-12-20 04:34:55] [INFO]   Description: Describe a system based on a Chemical field-effect transistor and describe its p...
[2025-12-20 04:38:32] [ERROR]   ✗ Empty output generated
[2025-12-20 04:38:32] [INFO] [28/50] U310: Generating... (Domain: medical)
[2025-12-20 04:38:32] [INFO]   Description: Describe a system based on a Microcurrent electrical neuromuscular stimulator an...
[2025-12-20 04:41:08] [ERROR]   ✗ Empty output generated
[2025-12-20 04:41:08] [INFO] [29/50] U1157: Generating... (Domain: smarthome)
[2025-12-20 04:41:08] [INFO]   Description: Model a system based on a PLCBUS and describe its primary function at a high lev...
[2025-12-20 04:43:20] [ERROR]   ✗ Empty output generated
[2025-12-20 04:43:20] [INFO] [30/50] U1011: Generating... (Domain: smarthome)
[2025-12-20 04:43:20] [INFO]   Description: Describe a system based on a Climber and describe its primary function at a high...
[2025-12-20 04:46:08] [ERROR]   ✗ Empty output generated
[2025-12-20 04:46:08] [INFO] [31/50] U999: Generating... (Domain: smarthome)
[2025-12-20 04:46:08] [INFO]   Description: Create a system based on a Biorobotics and describe its primary function at a hi...
[2025-12-20 04:49:47] [ERROR]   ✗ Empty output generated
[2025-12-20 04:49:47] [INFO] [32/50] U900: Generating... (Domain: sensing)
[2025-12-20 04:49:47] [INFO]   Description: Create a sensing unit that measures the relevant quantity using a Sun sensor....
[2025-12-20 04:51:59] [ERROR]   ✗ Empty output generated
[2025-12-20 04:51:59] [INFO] [33/50] U683: Generating... (Domain: sensing)
[2025-12-20 04:51:59] [INFO]   Description: Define a system based on a Fluxgate compass and describe its primary function at...
[2025-12-20 04:54:03] [ERROR]   ✗ Empty output generated
[2025-12-20 04:54:03] [INFO] [34/50] U1050: Generating... (Domain: smarthome)
[2025-12-20 04:54:03] [INFO]   Description: Specify a system based on a Ephemeralization and describe its primary function a...
[2025-12-20 04:56:34] [ERROR]   ✗ Empty output generated
[2025-12-20 04:56:34] [INFO] [35/50] U1129: Generating... (Domain: smarthome)
[2025-12-20 04:56:34] [INFO]   Description: Specify a system based on a Metamaterial cloaking and describe its primary funct...
[2025-12-20 05:00:06] [ERROR]   ✗ Empty output generated
[2025-12-20 05:00:06] [INFO] [36/50] U1486: Generating... (Domain: energy)
[2025-12-20 05:00:06] [INFO]   Description: Model a system based on a Rotary engine and describe its primary function at a h...
[2025-12-20 05:02:43] [ERROR]   ✗ Empty output generated
[2025-12-20 05:02:43] [INFO] [37/50] U27: Generating... (Domain: robotics)
[2025-12-20 05:02:43] [INFO]   Description: Create a system based on a Thymio and describe its primary function at a high le...
[2025-12-20 05:05:13] [ERROR]   ✗ Empty output generated
[2025-12-20 05:05:13] [INFO] [38/50] U1483: Generating... (Domain: energy)
[2025-12-20 05:05:13] [INFO]   Description: Create a system based on a Resistor and describe its primary function at a high ...
[2025-12-20 05:08:06] [ERROR]   ✗ Empty output generated
[2025-12-20 05:08:06] [INFO] [39/50] U741: Generating... (Domain: sensing)
[2025-12-20 05:08:06] [INFO]   Description: Create a system based on a Lab-on-a-chip and describe its primary function at a ...
[2025-12-20 05:10:16] [ERROR]   ✗ Empty output generated
[2025-12-20 05:10:16] [INFO] [40/50] U955: Generating... (Domain: smarthome)
[2025-12-20 05:10:16] [INFO]   Description: Define a system based on a 3D microfabrication and describe its primary function...
[2025-12-20 05:12:59] [ERROR]   ✗ Empty output generated
[2025-12-20 05:12:59] [INFO] [41/50] U227: Generating... (Domain: medical)
[2025-12-20 05:12:59] [INFO]   Description: Create a system based on a Flow injection analysis and describe its primary func...
[2025-12-20 05:15:56] [ERROR]   ✗ Empty output generated
[2025-12-20 05:15:56] [INFO] [42/50] U1060: Generating... (Domain: smarthome)
[2025-12-20 05:15:56] [INFO]   Description: Create a system based on a Floor plan and describe its primary function at a hig...
[2025-12-20 05:19:17] [ERROR]   ✗ Empty output generated
[2025-12-20 05:19:17] [INFO] [43/50] U1356: Generating... (Domain: smarthome)
[2025-12-20 05:19:17] [INFO]   Description: Define a system based on a Philips Hue and describe its primary function at a hi...
[2025-12-20 05:21:56] [ERROR]   ✗ Empty output generated
[2025-12-20 05:21:56] [INFO] [44/50] U252: Generating... (Domain: medical)
[2025-12-20 05:21:56] [INFO]   Description: Model a system based on a Hydrocollator and describe its primary function at a h...
[2025-12-20 05:25:35] [ERROR]   ✗ Empty output generated
[2025-12-20 05:25:35] [INFO] [45/50] U553: Generating... (Domain: energy)
[2025-12-20 05:25:35] [INFO]   Description: Describe a pumping subsystem that moves fluid using a Rotary compression pump....
[2025-12-20 05:27:59] [ERROR]   ✗ Empty output generated
[2025-12-20 05:27:59] [INFO] [46/50] U221: Generating... (Domain: medical)
[2025-12-20 05:27:59] [INFO]   Description: Design a system based on a Extracorporeal membrane oxygenation and describe its ...
[2025-12-20 05:30:18] [ERROR]   ✗ Empty output generated
[2025-12-20 05:30:18] [INFO] [47/50] U78: Generating... (Domain: medical)
[2025-12-20 05:30:18] [INFO]   Description: Model a system based on a Iontophoresis and describe its primary function at a h...
[2025-12-20 05:33:49] [ERROR]   ✗ Empty output generated
[2025-12-20 05:33:49] [INFO] [48/50] U131: Generating... (Domain: medical)
[2025-12-20 05:33:49] [INFO]   Description: Model a system based on a Trigeminal nerve stimulation and describe its primary ...
[2025-12-20 05:36:11] [ERROR]   ✗ Empty output generated
[2025-12-20 05:36:11] [INFO] [49/50] U1562: Generating... (Domain: aerospace)
[2025-12-20 05:36:11] [INFO]   Description: Create a system based on a Radioisotope thermoelectric generator and describe it...
[2025-12-20 05:38:33] [ERROR]   ✗ Empty output generated
[2025-12-20 05:38:33] [INFO] [50/50] U765: Generating... (Domain: sensing)
[2025-12-20 05:38:33] [INFO]   Description: Create a sensing unit that measures the relevant quantity using a Magnetic senso...
[2025-12-20 05:42:03] [ERROR]   ✗ Empty output generated
[2025-12-20 05:42:03] [INFO] Batch generation complete: 18 processed, 4 valid, 32 errors
